Archive member included to satisfy reference by file (symbol)

/opt/arm-gnu-toolchain-14.2.rel1-x86_64-arm-none-eabi/bin/../lib/gcc/arm-none-eabi/14.2.1/../../../../arm-none-eabi/lib/libc.a(libc_a-init.o)
                              startup.o (__libc_init_array)

Discarded input sections

 .group         0x00000000        0xc main.o
 .group         0x00000000        0xc main.o
 .group         0x00000000        0xc main.o
 .group         0x00000000        0xc main.o
 .group         0x00000000        0xc main.o
 .group         0x00000000        0xc main.o
 .group         0x00000000        0xc main.o
 .debug_frame   0x00000000       0x34 /opt/arm-gnu-toolchain-14.2.rel1-x86_64-arm-none-eabi/bin/../lib/gcc/arm-none-eabi/14.2.1/../../../../arm-none-eabi/lib/libc.a(libc_a-init.o)
 .ARM.attributes
                0x00000000       0x2a /opt/arm-gnu-toolchain-14.2.rel1-x86_64-arm-none-eabi/bin/../lib/gcc/arm-none-eabi/14.2.1/../../../../arm-none-eabi/lib/libc.a(libc_a-init.o)

Memory Configuration

Name             Origin             Length             Attributes
ITCMRAM          0x00000000         0x00010000         xrw
RAM              0x20000000         0x00020000         xrw
FLASH            0x08000000         0x00100000         xr
RAM_D1           0x24000000         0x00050000         xrw
RAM_D2           0x30000000         0x00008000         xrw
RAM_D3           0x38000000         0x00004000         xrw
*default*        0x00000000         0xffffffff

Linker script and memory map

LOAD main.o
LOAD startup.o
                0x20020000                        _estack = 0x20020000
                0x00000200                        _Min_Heap_Size = 0x200
                0x00000400                        _Min_Stack_Size = 0x400

.isr_vector     0x08000000      0x2cc
                0x08000000                        . = ALIGN (0x4)
 *(.isr_vector)
 .isr_vector    0x08000000      0x2cc startup.o
                0x08000000                g_pfnVectors
                0x080002cc                        . = ALIGN (0x4)

.text           0x080002cc      0x1d0
                0x080002cc                        . = ALIGN (0x4)
 *(.text)
 .text          0x080002cc       0xd4 main.o
                0x080002cc                led_init
                0x0800034c                main
 .text          0x080003a0       0x14 startup.o
 .text          0x080003b4        0x0 /opt/arm-gnu-toolchain-14.2.rel1-x86_64-arm-none-eabi/bin/../lib/gcc/arm-none-eabi/14.2.1/../../../../arm-none-eabi/lib/libc.a(libc_a-init.o)
 *(.text*)
 .text.Reset_Handler
                0x080003b4       0x54 startup.o
                0x080003b4                Reset_Handler
 .text.Default_Handler
                0x08000408        0x2 startup.o
                0x08000408                RTC_Alarm_IRQHandler
                0x08000408                EXTI2_IRQHandler
                0x08000408                TIM8_CC_IRQHandler
                0x08000408                DebugMon_Handler
                0x08000408                UART8_IRQHandler
                0x08000408                SPI4_IRQHandler
                0x08000408                FDCAN3_IT0_IRQHandler
                0x08000408                TIM1_CC_IRQHandler
                0x08000408                BDMA_Channel6_IRQHandler
                0x08000408                DMA2_Stream5_IRQHandler
                0x08000408                HardFault_Handler
                0x08000408                DMA1_Stream5_IRQHandler
                0x08000408                CORDIC_IRQHandler
                0x08000408                SysTick_Handler
                0x08000408                BDMA_Channel1_IRQHandler
                0x08000408                TAMP_STAMP_IRQHandler
                0x08000408                PendSV_Handler
                0x08000408                NMI_Handler
                0x08000408                EXTI3_IRQHandler
                0x08000408                LPTIM4_IRQHandler
                0x08000408                TIM8_TRG_COM_TIM14_IRQHandler
                0x08000408                LPTIM2_IRQHandler
                0x08000408                DFSDM1_FLT1_IRQHandler
                0x08000408                DMAMUX2_OVR_IRQHandler
                0x08000408                TIM8_UP_TIM13_IRQHandler
                0x08000408                I2C3_ER_IRQHandler
                0x08000408                DFSDM1_FLT2_IRQHandler
                0x08000408                I2C5_EV_IRQHandler
                0x08000408                USART10_IRQHandler
                0x08000408                MDMA_IRQHandler
                0x08000408                LPTIM3_IRQHandler
                0x08000408                HSEM1_IRQHandler
                0x08000408                EXTI0_IRQHandler
                0x08000408                I2C2_EV_IRQHandler
                0x08000408                DMA1_Stream2_IRQHandler
                0x08000408                FPU_IRQHandler
                0x08000408                OTG_HS_WKUP_IRQHandler
                0x08000408                FDCAN1_IT1_IRQHandler
                0x08000408                UsageFault_Handler
                0x08000408                LTDC_ER_IRQHandler
                0x08000408                DMA2_Stream2_IRQHandler
                0x08000408                SPI1_IRQHandler
                0x08000408                OCTOSPI1_IRQHandler
                0x08000408                TIM6_DAC_IRQHandler
                0x08000408                DMA2_Stream3_IRQHandler
                0x08000408                OCTOSPI2_IRQHandler
                0x08000408                DFSDM1_FLT3_IRQHandler
                0x08000408                TIM23_IRQHandler
                0x08000408                USART6_IRQHandler
                0x08000408                TIM17_IRQHandler
                0x08000408                USART3_IRQHandler
                0x08000408                BDMA_Channel7_IRQHandler
                0x08000408                LPTIM5_IRQHandler
                0x08000408                UART5_IRQHandler
                0x08000408                ADC3_IRQHandler
                0x08000408                DMA2_Stream0_IRQHandler
                0x08000408                TIM4_IRQHandler
                0x08000408                BDMA_Channel2_IRQHandler
                0x08000408                I2C1_EV_IRQHandler
                0x08000408                DMA1_Stream6_IRQHandler
                0x08000408                DMAMUX1_OVR_IRQHandler
                0x08000408                DMA1_Stream1_IRQHandler
                0x08000408                TIM16_IRQHandler
                0x08000408                UART4_IRQHandler
                0x08000408                BDMA_Channel5_IRQHandler
                0x08000408                TIM3_IRQHandler
                0x08000408                RCC_IRQHandler
                0x08000408                UART9_IRQHandler
                0x08000408                TIM8_BRK_TIM12_IRQHandler
                0x08000408                TIM1_TRG_COM_IRQHandler
                0x08000408                Default_Handler
                0x08000408                ECC_IRQHandler
                0x08000408                FMAC_IRQHandler
                0x08000408                CEC_IRQHandler
                0x08000408                EXTI15_10_IRQHandler
                0x08000408                BDMA_Channel0_IRQHandler
                0x08000408                ADC_IRQHandler
                0x08000408                I2C5_ER_IRQHandler
                0x08000408                DMA1_Stream7_IRQHandler
                0x08000408                SPI5_IRQHandler
                0x08000408                TIM7_IRQHandler
                0x08000408                FDCAN3_IT1_IRQHandler
                0x08000408                SDMMC1_IRQHandler
                0x08000408                TIM5_IRQHandler
                0x08000408                DMA2_Stream7_IRQHandler
                0x08000408                TIM15_IRQHandler
                0x08000408                PVD_AVD_IRQHandler
                0x08000408                I2C3_EV_IRQHandler
                0x08000408                EXTI9_5_IRQHandler
                0x08000408                RTC_WKUP_IRQHandler
                0x08000408                LTDC_IRQHandler
                0x08000408                ETH_WKUP_IRQHandler
                0x08000408                SPDIF_RX_IRQHandler
                0x08000408                SPI2_IRQHandler
                0x08000408                OTG_HS_EP1_IN_IRQHandler
                0x08000408                MemManage_Handler
                0x08000408                DMA1_Stream0_IRQHandler
                0x08000408                TIM24_IRQHandler
                0x08000408                SVC_Handler
                0x08000408                CRS_IRQHandler
                0x08000408                EXTI4_IRQHandler
                0x08000408                RNG_IRQHandler
                0x08000408                FDCAN2_IT1_IRQHandler
                0x08000408                ETH_IRQHandler
                0x08000408                TIM1_UP_IRQHandler
                0x08000408                BDMA_Channel4_IRQHandler
                0x08000408                OTG_HS_EP1_OUT_IRQHandler
                0x08000408                WWDG_IRQHandler
                0x08000408                SPI6_IRQHandler
                0x08000408                MDIOS_IRQHandler
                0x08000408                I2C4_EV_IRQHandler
                0x08000408                FDCAN2_IT0_IRQHandler
                0x08000408                LPUART1_IRQHandler
                0x08000408                FDCAN1_IT0_IRQHandler
                0x08000408                TIM2_IRQHandler
                0x08000408                OTG_HS_IRQHandler
                0x08000408                DMA2D_IRQHandler
                0x08000408                TIM1_BRK_IRQHandler
                0x08000408                EXTI1_IRQHandler
                0x08000408                SDMMC2_IRQHandler
                0x08000408                BDMA_Channel3_IRQHandler
                0x08000408                DTS_IRQHandler
                0x08000408                UART7_IRQHandler
                0x08000408                MDIOS_WKUP_IRQHandler
                0x08000408                USART2_IRQHandler
                0x08000408                DFSDM1_FLT0_IRQHandler
                0x08000408                SAI4_IRQHandler
                0x08000408                I2C2_ER_IRQHandler
                0x08000408                DMA2_Stream1_IRQHandler
                0x08000408                FLASH_IRQHandler
                0x08000408                DMA2_Stream4_IRQHandler
                0x08000408                BusFault_Handler
                0x08000408                USART1_IRQHandler
                0x08000408                SPI3_IRQHandler
                0x08000408                WAKEUP_PIN_IRQHandler
                0x08000408                DMA1_Stream4_IRQHandler
                0x08000408                I2C1_ER_IRQHandler
                0x08000408                FMC_IRQHandler
                0x08000408                FDCAN_CAL_IRQHandler
                0x08000408                SWPMI1_IRQHandler
                0x08000408                COMP1_IRQHandler
                0x08000408                LPTIM1_IRQHandler
                0x08000408                DCMI_PSSI_IRQHandler
                0x08000408                I2C4_ER_IRQHandler
                0x08000408                DMA2_Stream6_IRQHandler
                0x08000408                SAI1_IRQHandler
                0x08000408                DMA1_Stream3_IRQHandler
 *fill*         0x0800040a        0x2 
 .text.__libc_init_array
                0x0800040c       0x90 /opt/arm-gnu-toolchain-14.2.rel1-x86_64-arm-none-eabi/bin/../lib/gcc/arm-none-eabi/14.2.1/../../../../arm-none-eabi/lib/libc.a(libc_a-init.o)
                0x0800040c                __libc_init_array
 *(.glue_7)
 .glue_7        0x0800049c        0x0 linker stubs
 *(.glue_7t)
 .glue_7t       0x0800049c        0x0 linker stubs
 *(.eh_frame)
 *(.init)
 *(.fini)
                0x0800049c                        . = ALIGN (0x4)
                0x0800049c                        _etext = .

.vfp11_veneer   0x0800049c        0x0
 .vfp11_veneer  0x0800049c        0x0 linker stubs

.v4_bx          0x0800049c        0x0
 .v4_bx         0x0800049c        0x0 linker stubs

.iplt           0x0800049c        0x0
 .iplt          0x0800049c        0x0 main.o

.rel.dyn        0x0800049c        0x0
 .rel.iplt      0x0800049c        0x0 main.o

.rodata         0x0800049c        0x0
                0x0800049c                        . = ALIGN (0x4)
 *(.rodata)
 *(.rodata*)
                0x0800049c                        . = ALIGN (0x4)

.ARM.extab
 *(.ARM.extab* .gnu.linkonce.armextab.*)

.ARM            0x0800049c        0x0
                0x0800049c                        __exidx_start = .
 *(.ARM.exidx*)
                0x0800049c                        __exidx_end = .

.preinit_array  0x0800049c        0x0
                0x0800049c                        PROVIDE (__preinit_array_start = .)
 *(.preinit_array*)
                0x0800049c                        PROVIDE (__preinit_array_end = .)

.init_array     0x0800049c        0x0
                0x0800049c                        PROVIDE (__init_array_start = .)
 *(SORT_BY_NAME(.init_array.*))
 *(.init_array*)
                0x0800049c                        PROVIDE (__init_array_end = .)

.fini_array     0x0800049c        0x0
                [!provide]                        PROVIDE (__fini_array_start = .)
 *(SORT_BY_NAME(.fini_array.*))
 *(.fini_array*)
                [!provide]                        PROVIDE (__fini_array_end = .)
                0x0800049c                        _sidata = LOADADDR (.data)

.data           0x20000000        0x0 load address 0x0800049c
                0x20000000                        . = ALIGN (0x4)
                0x20000000                        _sdata = .
 *(.data)
 .data          0x20000000        0x0 main.o
 .data          0x20000000        0x0 startup.o
 .data          0x20000000        0x0 /opt/arm-gnu-toolchain-14.2.rel1-x86_64-arm-none-eabi/bin/../lib/gcc/arm-none-eabi/14.2.1/../../../../arm-none-eabi/lib/libc.a(libc_a-init.o)
 *(.data*)
 *(.RamFunc)
 *(.RamFunc*)
                0x20000000                        . = ALIGN (0x4)
                0x20000000                        _edata = .

.igot.plt       0x20000000        0x0 load address 0x0800049c
 .igot.plt      0x20000000        0x0 main.o
                0x20000000                        . = ALIGN (0x4)

.bss            0x20000000        0x0 load address 0x0800049c
                0x20000000                        _sbss = .
                0x20000000                        __bss_start__ = _sbss
 *(.bss)
 .bss           0x20000000        0x0 main.o
 .bss           0x20000000        0x0 startup.o
 .bss           0x20000000        0x0 /opt/arm-gnu-toolchain-14.2.rel1-x86_64-arm-none-eabi/bin/../lib/gcc/arm-none-eabi/14.2.1/../../../../arm-none-eabi/lib/libc.a(libc_a-init.o)
 *(.bss*)
 *(COMMON)
                0x20000000                        . = ALIGN (0x4)
                0x20000000                        _ebss = .
                0x20000000                        __bss_end__ = _ebss

._user_heap_stack
                0x20000000      0x600 load address 0x0800049c
                0x20000000                        . = ALIGN (0x8)
                [!provide]                        PROVIDE (end = .)
                [!provide]                        PROVIDE (_end = .)
                0x20000200                        . = (. + _Min_Heap_Size)
 *fill*         0x20000000      0x200 
                0x20000600                        . = (. + _Min_Stack_Size)
 *fill*         0x20000200      0x400 
                0x20000600                        . = ALIGN (0x8)

/DISCARD/
 libc.a(*)
 libm.a(*)
 libgcc.a(*)

.ARM.attributes
                0x00000000       0x2e
 *(.ARM.attributes)
 .ARM.attributes
                0x00000000       0x2e main.o
 .ARM.attributes
                0x0000002e       0x21 startup.o
OUTPUT(final.elf elf32-littlearm)
LOAD linker stubs
LOAD /opt/arm-gnu-toolchain-14.2.rel1-x86_64-arm-none-eabi/bin/../lib/gcc/arm-none-eabi/14.2.1/../../../../arm-none-eabi/lib/libc.a
LOAD /opt/arm-gnu-toolchain-14.2.rel1-x86_64-arm-none-eabi/bin/../lib/gcc/arm-none-eabi/14.2.1/../../../../arm-none-eabi/lib/libm.a
LOAD /opt/arm-gnu-toolchain-14.2.rel1-x86_64-arm-none-eabi/bin/../lib/gcc/arm-none-eabi/14.2.1/libgcc.a

.debug_info     0x00000000       0xc5
 .debug_info    0x00000000       0xc5 main.o

.debug_abbrev   0x00000000       0x82
 .debug_abbrev  0x00000000       0x82 main.o

.debug_aranges  0x00000000       0x20
 .debug_aranges
                0x00000000       0x20 main.o

.debug_macro    0x00000000     0x1000
 .debug_macro   0x00000000       0xf9 main.o
 .debug_macro   0x000000f9      0xaba main.o
 .debug_macro   0x00000bb3       0x22 main.o
 .debug_macro   0x00000bd5       0x8e main.o
 .debug_macro   0x00000c63       0x51 main.o
 .debug_macro   0x00000cb4      0x103 main.o
 .debug_macro   0x00000db7       0x6a main.o
 .debug_macro   0x00000e21      0x1df main.o

.debug_line     0x00000000      0x246
 .debug_line    0x00000000      0x246 main.o

.debug_str      0x00000000     0x3fef
 .debug_str     0x00000000     0x3fef main.o
                               0x4153 (size before relaxing)

.comment        0x00000000       0x45
 .comment       0x00000000       0x45 main.o
                                 0x46 (size before relaxing)

.debug_frame    0x00000000       0x50
 .debug_frame   0x00000000       0x50 main.o
