
Discarded input sections

 .group         0x00000000        0xc main.o
 .group         0x00000000        0xc main.o
 .group         0x00000000        0xc main.o
 .group         0x00000000        0xc main.o
 .group         0x00000000        0xc main.o
 .group         0x00000000        0xc main.o
 .group         0x00000000        0xc main.o

Memory Configuration

Name             Origin             Length             Attributes
ITCMRAM          0x00000000         0x00010000         xrw
RAM              0x20000000         0x00020000         xrw
FLASH            0x08000000         0x00100000         xr
RAM_D1           0x24000000         0x00050000         xrw
RAM_D2           0x30000000         0x00008000         xrw
RAM_D3           0x38000000         0x00004000         xrw
*default*        0x00000000         0xffffffff

Linker script and memory map

LOAD main.o
LOAD startup.o
                0x20020000                        _estack = 0x20020000
                0x00000200                        _Min_Heap_Size = 0x200
                0x00000400                        _Min_Stack_Size = 0x400

.isr_vector     0x08000000      0x2cc
                0x08000000                        . = ALIGN (0x4)
 *(.isr_vector)
 .isr_vector    0x08000000      0x2cc startup.o
                0x08000000                g_pfnVectors
                0x080002cc                        . = ALIGN (0x4)

.text           0x080002cc      0x230
                0x080002cc                        . = ALIGN (0x4)
 *(.text)
 .text          0x080002cc      0x1d0 main.o
                0x080002cc                led_init
                0x08000340                button_init
                0x080003e4                EXTI15_10_IRQHandler
                0x08000464                main
 .text          0x0800049c       0x14 startup.o
 *(.text*)
 .text.Reset_Handler
                0x080004b0       0x48 startup.o
                0x080004b0                Reset_Handler
 .text.Default_Handler
                0x080004f8        0x2 startup.o
                0x080004f8                RTC_Alarm_IRQHandler
                0x080004f8                EXTI2_IRQHandler
                0x080004f8                TIM8_CC_IRQHandler
                0x080004f8                DebugMon_Handler
                0x080004f8                UART8_IRQHandler
                0x080004f8                SPI4_IRQHandler
                0x080004f8                FDCAN3_IT0_IRQHandler
                0x080004f8                TIM1_CC_IRQHandler
                0x080004f8                BDMA_Channel6_IRQHandler
                0x080004f8                DMA2_Stream5_IRQHandler
                0x080004f8                HardFault_Handler
                0x080004f8                DMA1_Stream5_IRQHandler
                0x080004f8                CORDIC_IRQHandler
                0x080004f8                SysTick_Handler
                0x080004f8                BDMA_Channel1_IRQHandler
                0x080004f8                TAMP_STAMP_IRQHandler
                0x080004f8                PendSV_Handler
                0x080004f8                NMI_Handler
                0x080004f8                EXTI3_IRQHandler
                0x080004f8                LPTIM4_IRQHandler
                0x080004f8                TIM8_TRG_COM_TIM14_IRQHandler
                0x080004f8                LPTIM2_IRQHandler
                0x080004f8                DFSDM1_FLT1_IRQHandler
                0x080004f8                DMAMUX2_OVR_IRQHandler
                0x080004f8                TIM8_UP_TIM13_IRQHandler
                0x080004f8                I2C3_ER_IRQHandler
                0x080004f8                DFSDM1_FLT2_IRQHandler
                0x080004f8                I2C5_EV_IRQHandler
                0x080004f8                USART10_IRQHandler
                0x080004f8                MDMA_IRQHandler
                0x080004f8                LPTIM3_IRQHandler
                0x080004f8                HSEM1_IRQHandler
                0x080004f8                EXTI0_IRQHandler
                0x080004f8                I2C2_EV_IRQHandler
                0x080004f8                DMA1_Stream2_IRQHandler
                0x080004f8                FPU_IRQHandler
                0x080004f8                OTG_HS_WKUP_IRQHandler
                0x080004f8                FDCAN1_IT1_IRQHandler
                0x080004f8                UsageFault_Handler
                0x080004f8                LTDC_ER_IRQHandler
                0x080004f8                DMA2_Stream2_IRQHandler
                0x080004f8                SPI1_IRQHandler
                0x080004f8                OCTOSPI1_IRQHandler
                0x080004f8                TIM6_DAC_IRQHandler
                0x080004f8                DMA2_Stream3_IRQHandler
                0x080004f8                OCTOSPI2_IRQHandler
                0x080004f8                DFSDM1_FLT3_IRQHandler
                0x080004f8                TIM23_IRQHandler
                0x080004f8                USART6_IRQHandler
                0x080004f8                TIM17_IRQHandler
                0x080004f8                USART3_IRQHandler
                0x080004f8                BDMA_Channel7_IRQHandler
                0x080004f8                LPTIM5_IRQHandler
                0x080004f8                UART5_IRQHandler
                0x080004f8                ADC3_IRQHandler
                0x080004f8                DMA2_Stream0_IRQHandler
                0x080004f8                TIM4_IRQHandler
                0x080004f8                BDMA_Channel2_IRQHandler
                0x080004f8                I2C1_EV_IRQHandler
                0x080004f8                DMA1_Stream6_IRQHandler
                0x080004f8                DMAMUX1_OVR_IRQHandler
                0x080004f8                DMA1_Stream1_IRQHandler
                0x080004f8                TIM16_IRQHandler
                0x080004f8                UART4_IRQHandler
                0x080004f8                BDMA_Channel5_IRQHandler
                0x080004f8                TIM3_IRQHandler
                0x080004f8                RCC_IRQHandler
                0x080004f8                UART9_IRQHandler
                0x080004f8                TIM8_BRK_TIM12_IRQHandler
                0x080004f8                TIM1_TRG_COM_IRQHandler
                0x080004f8                Default_Handler
                0x080004f8                ECC_IRQHandler
                0x080004f8                FMAC_IRQHandler
                0x080004f8                CEC_IRQHandler
                0x080004f8                BDMA_Channel0_IRQHandler
                0x080004f8                ADC_IRQHandler
                0x080004f8                I2C5_ER_IRQHandler
                0x080004f8                DMA1_Stream7_IRQHandler
                0x080004f8                SPI5_IRQHandler
                0x080004f8                TIM7_IRQHandler
                0x080004f8                FDCAN3_IT1_IRQHandler
                0x080004f8                SDMMC1_IRQHandler
                0x080004f8                TIM5_IRQHandler
                0x080004f8                DMA2_Stream7_IRQHandler
                0x080004f8                TIM15_IRQHandler
                0x080004f8                PVD_AVD_IRQHandler
                0x080004f8                I2C3_EV_IRQHandler
                0x080004f8                EXTI9_5_IRQHandler
                0x080004f8                RTC_WKUP_IRQHandler
                0x080004f8                LTDC_IRQHandler
                0x080004f8                ETH_WKUP_IRQHandler
                0x080004f8                SPDIF_RX_IRQHandler
                0x080004f8                SPI2_IRQHandler
                0x080004f8                OTG_HS_EP1_IN_IRQHandler
                0x080004f8                MemManage_Handler
                0x080004f8                DMA1_Stream0_IRQHandler
                0x080004f8                TIM24_IRQHandler
                0x080004f8                SVC_Handler
                0x080004f8                CRS_IRQHandler
                0x080004f8                EXTI4_IRQHandler
                0x080004f8                RNG_IRQHandler
                0x080004f8                FDCAN2_IT1_IRQHandler
                0x080004f8                ETH_IRQHandler
                0x080004f8                TIM1_UP_IRQHandler
                0x080004f8                BDMA_Channel4_IRQHandler
                0x080004f8                OTG_HS_EP1_OUT_IRQHandler
                0x080004f8                WWDG_IRQHandler
                0x080004f8                SPI6_IRQHandler
                0x080004f8                MDIOS_IRQHandler
                0x080004f8                I2C4_EV_IRQHandler
                0x080004f8                FDCAN2_IT0_IRQHandler
                0x080004f8                LPUART1_IRQHandler
                0x080004f8                FDCAN1_IT0_IRQHandler
                0x080004f8                TIM2_IRQHandler
                0x080004f8                OTG_HS_IRQHandler
                0x080004f8                DMA2D_IRQHandler
                0x080004f8                TIM1_BRK_IRQHandler
                0x080004f8                EXTI1_IRQHandler
                0x080004f8                SDMMC2_IRQHandler
                0x080004f8                BDMA_Channel3_IRQHandler
                0x080004f8                DTS_IRQHandler
                0x080004f8                UART7_IRQHandler
                0x080004f8                MDIOS_WKUP_IRQHandler
                0x080004f8                USART2_IRQHandler
                0x080004f8                DFSDM1_FLT0_IRQHandler
                0x080004f8                SAI4_IRQHandler
                0x080004f8                I2C2_ER_IRQHandler
                0x080004f8                DMA2_Stream1_IRQHandler
                0x080004f8                FLASH_IRQHandler
                0x080004f8                DMA2_Stream4_IRQHandler
                0x080004f8                BusFault_Handler
                0x080004f8                USART1_IRQHandler
                0x080004f8                SPI3_IRQHandler
                0x080004f8                WAKEUP_PIN_IRQHandler
                0x080004f8                DMA1_Stream4_IRQHandler
                0x080004f8                I2C1_ER_IRQHandler
                0x080004f8                FMC_IRQHandler
                0x080004f8                FDCAN_CAL_IRQHandler
                0x080004f8                SWPMI1_IRQHandler
                0x080004f8                COMP1_IRQHandler
                0x080004f8                LPTIM1_IRQHandler
                0x080004f8                DCMI_PSSI_IRQHandler
                0x080004f8                I2C4_ER_IRQHandler
                0x080004f8                DMA2_Stream6_IRQHandler
                0x080004f8                SAI1_IRQHandler
                0x080004f8                DMA1_Stream3_IRQHandler
 *(.glue_7)
 .glue_7        0x080004fa        0x0 linker stubs
 *(.glue_7t)
 .glue_7t       0x080004fa        0x0 linker stubs
 *(.eh_frame)
 *(.init)
 *(.fini)
                0x080004fc                        . = ALIGN (0x4)
 *fill*         0x080004fa        0x2 
                0x080004fc                        _etext = .

.vfp11_veneer   0x080004fc        0x0
 .vfp11_veneer  0x080004fc        0x0 linker stubs

.v4_bx          0x080004fc        0x0
 .v4_bx         0x080004fc        0x0 linker stubs

.iplt           0x080004fc        0x0
 .iplt          0x080004fc        0x0 main.o

.rel.dyn        0x080004fc        0x0
 .rel.iplt      0x080004fc        0x0 main.o

.rodata         0x080004fc        0x0
                0x080004fc                        . = ALIGN (0x4)
 *(.rodata)
 *(.rodata*)
                0x080004fc                        . = ALIGN (0x4)

.ARM.extab
 *(.ARM.extab* .gnu.linkonce.armextab.*)

.ARM            0x080004fc        0x0
                0x080004fc                        __exidx_start = .
 *(.ARM.exidx*)
                0x080004fc                        __exidx_end = .

.preinit_array  0x080004fc        0x0
                [!provide]                        PROVIDE (__preinit_array_start = .)
 *(.preinit_array*)
                [!provide]                        PROVIDE (__preinit_array_end = .)

.init_array     0x080004fc        0x0
                [!provide]                        PROVIDE (__init_array_start = .)
 *(SORT_BY_NAME(.init_array.*))
 *(.init_array*)
                [!provide]                        PROVIDE (__init_array_end = .)

.fini_array     0x080004fc        0x0
                [!provide]                        PROVIDE (__fini_array_start = .)
 *(SORT_BY_NAME(.fini_array.*))
 *(.fini_array*)
                [!provide]                        PROVIDE (__fini_array_end = .)
                0x080004fc                        _sidata = LOADADDR (.data)

.data           0x20000000        0x0 load address 0x080004fc
                0x20000000                        . = ALIGN (0x4)
                0x20000000                        _sdata = .
 *(.data)
 .data          0x20000000        0x0 main.o
 .data          0x20000000        0x0 startup.o
 *(.data*)
 *(.RamFunc)
 *(.RamFunc*)
                0x20000000                        . = ALIGN (0x4)
                0x20000000                        _edata = .

.igot.plt       0x20000000        0x0 load address 0x080004fc
 .igot.plt      0x20000000        0x0 main.o
                0x20000000                        . = ALIGN (0x4)

.bss            0x20000000        0x0 load address 0x080004fc
                0x20000000                        _sbss = .
                0x20000000                        __bss_start__ = _sbss
 *(.bss)
 .bss           0x20000000        0x0 main.o
 .bss           0x20000000        0x0 startup.o
 *(.bss*)
 *(COMMON)
                0x20000000                        . = ALIGN (0x4)
                0x20000000                        _ebss = .
                0x20000000                        __bss_end__ = _ebss

._user_heap_stack
                0x20000000      0x600 load address 0x080004fc
                0x20000000                        . = ALIGN (0x8)
                [!provide]                        PROVIDE (end = .)
                [!provide]                        PROVIDE (_end = .)
                0x20000200                        . = (. + _Min_Heap_Size)
 *fill*         0x20000000      0x200 
                0x20000600                        . = (. + _Min_Stack_Size)
 *fill*         0x20000200      0x400 
                0x20000600                        . = ALIGN (0x8)

/DISCARD/
 libc.a(*)
 libm.a(*)
 libgcc.a(*)

.ARM.attributes
                0x00000000       0x2c
 *(.ARM.attributes)
 .ARM.attributes
                0x00000000       0x2e main.o
 .ARM.attributes
                0x0000002e       0x21 startup.o
OUTPUT(final.elf elf32-littlearm)
LOAD linker stubs
LOAD /opt/arm-gnu-toolchain-14.2.rel1-x86_64-arm-none-eabi/bin/../lib/gcc/arm-none-eabi/14.2.1/../../../../arm-none-eabi/lib/libc.a
LOAD /opt/arm-gnu-toolchain-14.2.rel1-x86_64-arm-none-eabi/bin/../lib/gcc/arm-none-eabi/14.2.1/../../../../arm-none-eabi/lib/libm.a
LOAD /opt/arm-gnu-toolchain-14.2.rel1-x86_64-arm-none-eabi/bin/../lib/gcc/arm-none-eabi/14.2.1/libgcc.a

.debug_info     0x00000000      0x139
 .debug_info    0x00000000      0x139 main.o

.debug_abbrev   0x00000000       0xd1
 .debug_abbrev  0x00000000       0xd1 main.o

.debug_aranges  0x00000000       0x20
 .debug_aranges
                0x00000000       0x20 main.o

.debug_macro    0x00000000     0x1078
 .debug_macro   0x00000000      0x171 main.o
 .debug_macro   0x00000171      0xaba main.o
 .debug_macro   0x00000c2b       0x22 main.o
 .debug_macro   0x00000c4d       0x8e main.o
 .debug_macro   0x00000cdb       0x51 main.o
 .debug_macro   0x00000d2c      0x103 main.o
 .debug_macro   0x00000e2f       0x6a main.o
 .debug_macro   0x00000e99      0x1df main.o

.debug_line     0x00000000      0x326
 .debug_line    0x00000000      0x326 main.o

.debug_str      0x00000000     0x4383
 .debug_str     0x00000000     0x4383 main.o
                               0x44ef (size before relaxing)

.comment        0x00000000       0x45
 .comment       0x00000000       0x45 main.o
                                 0x46 (size before relaxing)

.debug_frame    0x00000000       0x68
 .debug_frame   0x00000000       0x68 main.o
